Server is running on http://localhost:8080
Error cleaning expired notes: Error: EPERM: operation not permitted, scandir '/Users/kingsir/Library/CloudStorage/Dropbox/1_Projects/2xiu5/Web/webnote/notes'
    at async Object.readdir (node:internal/fs/promises:953:18)
    at async Timeout.cleanExpiredNotes [as _onTimeout] (/Users/kingsir/Library/CloudStorage/Dropbox/1_Projects/2xiu5/Web/webnote/server.js:93:19) {
  errno: -1,
  code: 'EPERM',
  syscall: 'scandir',
  path: '/Users/kingsir/Library/CloudStorage/Dropbox/1_Projects/2xiu5/Web/webnote/notes'
}
Error cleaning expired notes: Error: EPERM: operation not permitted, scandir '/Users/kingsir/Library/CloudStorage/Dropbox/1_Projects/2xiu5/Web/webnote/notes'
    at async Object.readdir (node:internal/fs/promises:953:18)
    at async Timeout.cleanExpiredNotes [as _onTimeout] (/Users/kingsir/Library/CloudStorage/Dropbox/1_Projects/2xiu5/Web/webnote/server.js:93:19) {
  errno: -1,
  code: 'EPERM',
  syscall: 'scandir',
  path: '/Users/kingsir/Library/CloudStorage/Dropbox/1_Projects/2xiu5/Web/webnote/notes'
}
Error cleaning expired notes: Error: EPERM: operation not permitted, scandir '/Users/kingsir/Library/CloudStorage/Dropbox/1_Projects/2xiu5/Web/webnote/notes'
    at async Object.readdir (node:internal/fs/promises:953:18)
    at async Timeout.cleanExpiredNotes [as _onTimeout] (/Users/kingsir/Library/CloudStorage/Dropbox/1_Projects/2xiu5/Web/webnote/server.js:93:19) {
  errno: -1,
  code: 'EPERM',
  syscall: 'scandir',
  path: '/Users/kingsir/Library/CloudStorage/Dropbox/1_Projects/2xiu5/Web/webnote/notes'
}
Error cleaning expired notes: Error: EPERM: operation not permitted, scandir '/Users/kingsir/Library/CloudStorage/Dropbox/1_Projects/2xiu5/Web/webnote/notes'
    at async Object.readdir (node:internal/fs/promises:953:18)
    at async Timeout.cleanExpiredNotes [as _onTimeout] (/Users/kingsir/Library/CloudStorage/Dropbox/1_Projects/2xiu5/Web/webnote/server.js:93:19) {
  errno: -1,
  code: 'EPERM',
  syscall: 'scandir',
  path: '/Users/kingsir/Library/CloudStorage/Dropbox/1_Projects/2xiu5/Web/webnote/notes'
}
Error cleaning expired notes: Error: EPERM: operation not permitted, scandir '/Users/kingsir/Library/CloudStorage/Dropbox/1_Projects/2xiu5/Web/webnote/notes'
    at async Object.readdir (node:internal/fs/promises:953:18)
    at async Timeout.cleanExpiredNotes [as _onTimeout] (/Users/kingsir/Library/CloudStorage/Dropbox/1_Projects/2xiu5/Web/webnote/server.js:93:19) {
  errno: -1,
  code: 'EPERM',
  syscall: 'scandir',
  path: '/Users/kingsir/Library/CloudStorage/Dropbox/1_Projects/2xiu5/Web/webnote/notes'
}
Error cleaning expired notes: Error: EPERM: operation not permitted, scandir '/Users/kingsir/Library/CloudStorage/Dropbox/1_Projects/2xiu5/Web/webnote/notes'
    at async Object.readdir (node:internal/fs/promises:953:18)
    at async Timeout.cleanExpiredNotes [as _onTimeout] (/Users/kingsir/Library/CloudStorage/Dropbox/1_Projects/2xiu5/Web/webnote/server.js:93:19) {
  errno: -1,
  code: 'EPERM',
  syscall: 'scandir',
  path: '/Users/kingsir/Library/CloudStorage/Dropbox/1_Projects/2xiu5/Web/webnote/notes'
}
Error cleaning expired notes: Error: EPERM: operation not permitted, scandir '/Users/kingsir/Library/CloudStorage/Dropbox/1_Projects/2xiu5/Web/webnote/notes'
    at async Object.readdir (node:internal/fs/promises:953:18)
    at async Timeout.cleanExpiredNotes [as _onTimeout] (/Users/kingsir/Library/CloudStorage/Dropbox/1_Projects/2xiu5/Web/webnote/server.js:93:19) {
  errno: -1,
  code: 'EPERM',
  syscall: 'scandir',
  path: '/Users/kingsir/Library/CloudStorage/Dropbox/1_Projects/2xiu5/Web/webnote/notes'
}
Error cleaning expired notes: Error: EPERM: operation not permitted, scandir '/Users/kingsir/Library/CloudStorage/Dropbox/1_Projects/2xiu5/Web/webnote/notes'
    at async Object.readdir (node:internal/fs/promises:953:18)
    at async Timeout.cleanExpiredNotes [as _onTimeout] (/Users/kingsir/Library/CloudStorage/Dropbox/1_Projects/2xiu5/Web/webnote/server.js:93:19) {
  errno: -1,
  code: 'EPERM',
  syscall: 'scandir',
  path: '/Users/kingsir/Library/CloudStorage/Dropbox/1_Projects/2xiu5/Web/webnote/notes'
}
Error cleaning expired notes: Error: EPERM: operation not permitted, scandir '/Users/kingsir/Library/CloudStorage/Dropbox/1_Projects/2xiu5/Web/webnote/notes'
    at async Object.readdir (node:internal/fs/promises:953:18)
    at async Timeout.cleanExpiredNotes [as _onTimeout] (/Users/kingsir/Library/CloudStorage/Dropbox/1_Projects/2xiu5/Web/webnote/server.js:93:19) {
  errno: -1,
  code: 'EPERM',
  syscall: 'scandir',
  path: '/Users/kingsir/Library/CloudStorage/Dropbox/1_Projects/2xiu5/Web/webnote/notes'
}
Error cleaning expired notes: Error: EPERM: operation not permitted, scandir '/Users/kingsir/Library/CloudStorage/Dropbox/1_Projects/2xiu5/Web/webnote/notes'
    at async Object.readdir (node:internal/fs/promises:953:18)
    at async Timeout.cleanExpiredNotes [as _onTimeout] (/Users/kingsir/Library/CloudStorage/Dropbox/1_Projects/2xiu5/Web/webnote/server.js:93:19) {
  errno: -1,
  code: 'EPERM',
  syscall: 'scandir',
  path: '/Users/kingsir/Library/CloudStorage/Dropbox/1_Projects/2xiu5/Web/webnote/notes'
}
Error cleaning expired notes: Error: EPERM: operation not permitted, scandir '/Users/kingsir/Library/CloudStorage/Dropbox/1_Projects/2xiu5/Web/webnote/notes'
    at async Object.readdir (node:internal/fs/promises:953:18)
    at async Timeout.cleanExpiredNotes [as _onTimeout] (/Users/kingsir/Library/CloudStorage/Dropbox/1_Projects/2xiu5/Web/webnote/server.js:93:19) {
  errno: -1,
  code: 'EPERM',
  syscall: 'scandir',
  path: '/Users/kingsir/Library/CloudStorage/Dropbox/1_Projects/2xiu5/Web/webnote/notes'
}
Error cleaning expired notes: Error: EPERM: operation not permitted, scandir '/Users/kingsir/Library/CloudStorage/Dropbox/1_Projects/2xiu5/Web/webnote/notes'
    at async Object.readdir (node:internal/fs/promises:953:18)
    at async Timeout.cleanExpiredNotes [as _onTimeout] (/Users/kingsir/Library/CloudStorage/Dropbox/1_Projects/2xiu5/Web/webnote/server.js:93:19) {
  errno: -1,
  code: 'EPERM',
  syscall: 'scandir',
  path: '/Users/kingsir/Library/CloudStorage/Dropbox/1_Projects/2xiu5/Web/webnote/notes'
}
Error cleaning expired notes: Error: EPERM: operation not permitted, scandir '/Users/kingsir/Library/CloudStorage/Dropbox/1_Projects/2xiu5/Web/webnote/notes'
    at async Object.readdir (node:internal/fs/promises:953:18)
    at async Timeout.cleanExpiredNotes [as _onTimeout] (/Users/kingsir/Library/CloudStorage/Dropbox/1_Projects/2xiu5/Web/webnote/server.js:93:19) {
  errno: -1,
  code: 'EPERM',
  syscall: 'scandir',
  path: '/Users/kingsir/Library/CloudStorage/Dropbox/1_Projects/2xiu5/Web/webnote/notes'
}
Error cleaning expired notes: Error: EPERM: operation not permitted, scandir '/Users/kingsir/Library/CloudStorage/Dropbox/1_Projects/2xiu5/Web/webnote/notes'
    at async Object.readdir (node:internal/fs/promises:953:18)
    at async Timeout.cleanExpiredNotes [as _onTimeout] (/Users/kingsir/Library/CloudStorage/Dropbox/1_Projects/2xiu5/Web/webnote/server.js:93:19) {
  errno: -1,
  code: 'EPERM',
  syscall: 'scandir',
  path: '/Users/kingsir/Library/CloudStorage/Dropbox/1_Projects/2xiu5/Web/webnote/notes'
}
Error cleaning expired notes: Error: EPERM: operation not permitted, scandir '/Users/kingsir/Library/CloudStorage/Dropbox/1_Projects/2xiu5/Web/webnote/notes'
    at async Object.readdir (node:internal/fs/promises:953:18)
    at async Timeout.cleanExpiredNotes [as _onTimeout] (/Users/kingsir/Library/CloudStorage/Dropbox/1_Projects/2xiu5/Web/webnote/server.js:93:19) {
  errno: -1,
  code: 'EPERM',
  syscall: 'scandir',
  path: '/Users/kingsir/Library/CloudStorage/Dropbox/1_Projects/2xiu5/Web/webnote/notes'
}
Error cleaning expired notes: Error: EPERM: operation not permitted, scandir '/Users/kingsir/Library/CloudStorage/Dropbox/1_Projects/2xiu5/Web/webnote/notes'
    at async Object.readdir (node:internal/fs/promises:953:18)
    at async Timeout.cleanExpiredNotes [as _onTimeout] (/Users/kingsir/Library/CloudStorage/Dropbox/1_Projects/2xiu5/Web/webnote/server.js:93:19) {
  errno: -1,
  code: 'EPERM',
  syscall: 'scandir',
  path: '/Users/kingsir/Library/CloudStorage/Dropbox/1_Projects/2xiu5/Web/webnote/notes'
}
Error cleaning expired notes: Error: EPERM: operation not permitted, scandir '/Users/kingsir/Library/CloudStorage/Dropbox/1_Projects/2xiu5/Web/webnote/notes'
    at async Object.readdir (node:internal/fs/promises:953:18)
    at async Timeout.cleanExpiredNotes [as _onTimeout] (/Users/kingsir/Library/CloudStorage/Dropbox/1_Projects/2xiu5/Web/webnote/server.js:93:19) {
  errno: -1,
  code: 'EPERM',
  syscall: 'scandir',
  path: '/Users/kingsir/Library/CloudStorage/Dropbox/1_Projects/2xiu5/Web/webnote/notes'
}
Error cleaning expired notes: Error: EPERM: operation not permitted, scandir '/Users/kingsir/Library/CloudStorage/Dropbox/1_Projects/2xiu5/Web/webnote/notes'
    at async Object.readdir (node:internal/fs/promises:953:18)
    at async Timeout.cleanExpiredNotes [as _onTimeout] (/Users/kingsir/Library/CloudStorage/Dropbox/1_Projects/2xiu5/Web/webnote/server.js:93:19) {
  errno: -1,
  code: 'EPERM',
  syscall: 'scandir',
  path: '/Users/kingsir/Library/CloudStorage/Dropbox/1_Projects/2xiu5/Web/webnote/notes'
}
Error cleaning expired notes: Error: EPERM: operation not permitted, scandir '/Users/kingsir/Library/CloudStorage/Dropbox/1_Projects/2xiu5/Web/webnote/notes'
    at async Object.readdir (node:internal/fs/promises:953:18)
    at async Timeout.cleanExpiredNotes [as _onTimeout] (/Users/kingsir/Library/CloudStorage/Dropbox/1_Projects/2xiu5/Web/webnote/server.js:93:19) {
  errno: -1,
  code: 'EPERM',
  syscall: 'scandir',
  path: '/Users/kingsir/Library/CloudStorage/Dropbox/1_Projects/2xiu5/Web/webnote/notes'
}
Error cleaning expired notes: Error: EPERM: operation not permitted, scandir '/Users/kingsir/Library/CloudStorage/Dropbox/1_Projects/2xiu5/Web/webnote/notes'
    at async Object.readdir (node:internal/fs/promises:953:18)
    at async Timeout.cleanExpiredNotes [as _onTimeout] (/Users/kingsir/Library/CloudStorage/Dropbox/1_Projects/2xiu5/Web/webnote/server.js:93:19) {
  errno: -1,
  code: 'EPERM',
  syscall: 'scandir',
  path: '/Users/kingsir/Library/CloudStorage/Dropbox/1_Projects/2xiu5/Web/webnote/notes'
}
Error cleaning expired notes: Error: EPERM: operation not permitted, scandir '/Users/kingsir/Library/CloudStorage/Dropbox/1_Projects/2xiu5/Web/webnote/notes'
    at async Object.readdir (node:internal/fs/promises:953:18)
    at async Timeout.cleanExpiredNotes [as _onTimeout] (/Users/kingsir/Library/CloudStorage/Dropbox/1_Projects/2xiu5/Web/webnote/server.js:93:19) {
  errno: -1,
  code: 'EPERM',
  syscall: 'scandir',
  path: '/Users/kingsir/Library/CloudStorage/Dropbox/1_Projects/2xiu5/Web/webnote/notes'
}
Error cleaning expired notes: Error: EPERM: operation not permitted, scandir '/Users/kingsir/Library/CloudStorage/Dropbox/1_Projects/2xiu5/Web/webnote/notes'
    at async Object.readdir (node:internal/fs/promises:953:18)
    at async Timeout.cleanExpiredNotes [as _onTimeout] (/Users/kingsir/Library/CloudStorage/Dropbox/1_Projects/2xiu5/Web/webnote/server.js:93:19) {
  errno: -1,
  code: 'EPERM',
  syscall: 'scandir',
  path: '/Users/kingsir/Library/CloudStorage/Dropbox/1_Projects/2xiu5/Web/webnote/notes'
}
Error cleaning expired notes: Error: EPERM: operation not permitted, scandir '/Users/kingsir/Library/CloudStorage/Dropbox/1_Projects/2xiu5/Web/webnote/notes'
    at async Object.readdir (node:internal/fs/promises:953:18)
    at async Timeout.cleanExpiredNotes [as _onTimeout] (/Users/kingsir/Library/CloudStorage/Dropbox/1_Projects/2xiu5/Web/webnote/server.js:93:19) {
  errno: -1,
  code: 'EPERM',
  syscall: 'scandir',
  path: '/Users/kingsir/Library/CloudStorage/Dropbox/1_Projects/2xiu5/Web/webnote/notes'
}
Error cleaning expired notes: Error: EPERM: operation not permitted, scandir '/Users/kingsir/Library/CloudStorage/Dropbox/1_Projects/2xiu5/Web/webnote/notes'
    at async Object.readdir (node:internal/fs/promises:953:18)
    at async Timeout.cleanExpiredNotes [as _onTimeout] (/Users/kingsir/Library/CloudStorage/Dropbox/1_Projects/2xiu5/Web/webnote/server.js:93:19) {
  errno: -1,
  code: 'EPERM',
  syscall: 'scandir',
  path: '/Users/kingsir/Library/CloudStorage/Dropbox/1_Projects/2xiu5/Web/webnote/notes'
}
Error cleaning expired notes: Error: EPERM: operation not permitted, scandir '/Users/kingsir/Library/CloudStorage/Dropbox/1_Projects/2xiu5/Web/webnote/notes'
    at async Object.readdir (node:internal/fs/promises:953:18)
    at async Timeout.cleanExpiredNotes [as _onTimeout] (/Users/kingsir/Library/CloudStorage/Dropbox/1_Projects/2xiu5/Web/webnote/server.js:93:19) {
  errno: -1,
  code: 'EPERM',
  syscall: 'scandir',
  path: '/Users/kingsir/Library/CloudStorage/Dropbox/1_Projects/2xiu5/Web/webnote/notes'
}
Error cleaning expired notes: Error: EPERM: operation not permitted, scandir '/Users/kingsir/Library/CloudStorage/Dropbox/1_Projects/2xiu5/Web/webnote/notes'
    at async Object.readdir (node:internal/fs/promises:953:18)
    at async Timeout.cleanExpiredNotes [as _onTimeout] (/Users/kingsir/Library/CloudStorage/Dropbox/1_Projects/2xiu5/Web/webnote/server.js:93:19) {
  errno: -1,
  code: 'EPERM',
  syscall: 'scandir',
  path: '/Users/kingsir/Library/CloudStorage/Dropbox/1_Projects/2xiu5/Web/webnote/notes'
}
Error cleaning expired notes: Error: EPERM: operation not permitted, scandir '/Users/kingsir/Library/CloudStorage/Dropbox/1_Projects/2xiu5/Web/webnote/notes'
    at async Object.readdir (node:internal/fs/promises:953:18)
    at async Timeout.cleanExpiredNotes [as _onTimeout] (/Users/kingsir/Library/CloudStorage/Dropbox/1_Projects/2xiu5/Web/webnote/server.js:93:19) {
  errno: -1,
  code: 'EPERM',
  syscall: 'scandir',
  path: '/Users/kingsir/Library/CloudStorage/Dropbox/1_Projects/2xiu5/Web/webnote/notes'
}
Error cleaning expired notes: Error: EPERM: operation not permitted, scandir '/Users/kingsir/Library/CloudStorage/Dropbox/1_Projects/2xiu5/Web/webnote/notes'
    at async Object.readdir (node:internal/fs/promises:953:18)
    at async Timeout.cleanExpiredNotes [as _onTimeout] (/Users/kingsir/Library/CloudStorage/Dropbox/1_Projects/2xiu5/Web/webnote/server.js:93:19) {
  errno: -1,
  code: 'EPERM',
  syscall: 'scandir',
  path: '/Users/kingsir/Library/CloudStorage/Dropbox/1_Projects/2xiu5/Web/webnote/notes'
}
Error cleaning expired notes: Error: EPERM: operation not permitted, scandir '/Users/kingsir/Library/CloudStorage/Dropbox/1_Projects/2xiu5/Web/webnote/notes'
    at async Object.readdir (node:internal/fs/promises:953:18)
    at async Timeout.cleanExpiredNotes [as _onTimeout] (/Users/kingsir/Library/CloudStorage/Dropbox/1_Projects/2xiu5/Web/webnote/server.js:93:19) {
  errno: -1,
  code: 'EPERM',
  syscall: 'scandir',
  path: '/Users/kingsir/Library/CloudStorage/Dropbox/1_Projects/2xiu5/Web/webnote/notes'
}
Error cleaning expired notes: Error: EPERM: operation not permitted, scandir '/Users/kingsir/Library/CloudStorage/Dropbox/1_Projects/2xiu5/Web/webnote/notes'
    at async Object.readdir (node:internal/fs/promises:953:18)
    at async Timeout.cleanExpiredNotes [as _onTimeout] (/Users/kingsir/Library/CloudStorage/Dropbox/1_Projects/2xiu5/Web/webnote/server.js:93:19) {
  errno: -1,
  code: 'EPERM',
  syscall: 'scandir',
  path: '/Users/kingsir/Library/CloudStorage/Dropbox/1_Projects/2xiu5/Web/webnote/notes'
}
Error cleaning expired notes: Error: EPERM: operation not permitted, scandir '/Users/kingsir/Library/CloudStorage/Dropbox/1_Projects/2xiu5/Web/webnote/notes'
    at async Object.readdir (node:internal/fs/promises:953:18)
    at async Timeout.cleanExpiredNotes [as _onTimeout] (/Users/kingsir/Library/CloudStorage/Dropbox/1_Projects/2xiu5/Web/webnote/server.js:93:19) {
  errno: -1,
  code: 'EPERM',
  syscall: 'scandir',
  path: '/Users/kingsir/Library/CloudStorage/Dropbox/1_Projects/2xiu5/Web/webnote/notes'
}
